// Jest Snapshot v1, https://goo.gl/fbAQLP

exports[`AuthenticatedHomeScreen プル更新 refreshing=trueの時、RefreshControlが有効になる 1`] = `
<RCTScrollView
  accessibilityLabel="ホーム画面"
  className="flex-1 bg-gray-50"
  refreshControl={
    <RefreshControlMock
      onRefresh={[MockFunction]}
      refreshing={true}
    />
  }
  showsVerticalScrollIndicator={false}
>
  <RCTRefreshControl />
  <View>
    <View
      className="flex-1 px-4 pt-8 pb-6"
    >
      <View
        className="bg-white rounded-xl p-6 mb-6 shadow-sm"
      >
        <Text
          accessibilityLabel="Flow Finderへようこそ"
          accessibilityRole="header"
          className="text-2xl font-bold text-center mb-2 text-gray-800"
        >
          Flow Finderへようこそ
        </Text>
        <Text
          accessibilityLabel="おかえりなさい"
          className="text-lg text-center mb-4 text-[#FFC400] font-medium"
        >
          おかえりなさい
        </Text>
        <Text
          accessibilityLabel="あなたの成長を妨げる「見えない壁」を見つけ、壊すためのパーソナルコーチング アプリ"
          className="text-center text-gray-600 leading-6"
        >
          あなたの成長を妨げる「見えない壁」を見つけ、壊すためのパーソナルコーチング アプリ
        </Text>
      </View>
      <View
        className="bg-white rounded-xl p-6 mb-6 shadow-sm"
      >
        <Text
          accessibilityRole="header"
          className="text-lg font-semibold text-center mb-3 text-gray-800"
        >
          あなたの進捗
        </Text>
        <View
          className="bg-blue-50 rounded-lg p-4 items-center"
        >
          <Text
            accessibilityLabel="登録ゴール数: 3件"
            className="text-2xl font-bold text-blue-600 mb-1"
          >
            3
          </Text>
          <Text
            accessibilityLabel="ゴール数の単位"
            className="text-blue-600 font-medium"
          >
            登録ゴール
          </Text>
        </View>
      </View>
      <View
        className="bg-white rounded-xl p-6 shadow-sm"
      >
        <Text
          accessibilityRole="header"
          className="text-lg font-semibold mb-4 text-gray-800"
        >
          クイックアクション
        </Text>
        <View
          accessibilityState={
            {
              "busy": undefined,
              "checked": undefined,
              "disabled": undefined,
              "expanded": undefined,
              "selected": undefined,
            }
          }
          accessibilityValue={
            {
              "max": undefined,
              "min": undefined,
              "now": undefined,
              "text": undefined,
            }
          }
          accessible={true}
          collapsable={false}
          focusable={true}
          onClick={[Function]}
          onResponderGrant={[Function]}
          onResponderMove={[Function]}
          onResponderRelease={[Function]}
          onResponderTerminate={[Function]}
          onResponderTerminationRequest={[Function]}
          onStartShouldSetResponder={[Function]}
          style={
            {
              "opacity": 1,
            }
          }
        >
          <Text>
            ゴールを確認
          </Text>
        </View>
        <View
          accessibilityState={
            {
              "busy": undefined,
              "checked": undefined,
              "disabled": undefined,
              "expanded": undefined,
              "selected": undefined,
            }
          }
          accessibilityValue={
            {
              "max": undefined,
              "min": undefined,
              "now": undefined,
              "text": undefined,
            }
          }
          accessible={true}
          collapsable={false}
          focusable={true}
          onClick={[Function]}
          onResponderGrant={[Function]}
          onResponderMove={[Function]}
          onResponderRelease={[Function]}
          onResponderTerminate={[Function]}
          onResponderTerminationRequest={[Function]}
          onStartShouldSetResponder={[Function]}
          style={
            {
              "opacity": 1,
            }
          }
        >
          <Text>
            新しいゴールを追加
          </Text>
        </View>
      </View>
    </View>
  </View>
</RCTScrollView>
`;
